Archive member included because of file (symbol)

c:/users/gasser/desktop/iti/lec/imt_sdk_win_64/imt_sdk_win_64/winavr/bin/../lib/gcc/avr/4.3.3/avr5\libgcc.a(_udivmodqi4.o)
                              ./rtc.o (__udivmodqi4)
c:/users/gasser/desktop/iti/lec/imt_sdk_win_64/imt_sdk_win_64/winavr/bin/../lib/gcc/avr/4.3.3/avr5\libgcc.a(_udivmodhi4.o)
                              ./buzzer.o (__udivmodhi4)
c:/users/gasser/desktop/iti/lec/imt_sdk_win_64/imt_sdk_win_64/winavr/bin/../lib/gcc/avr/4.3.3/avr5\libgcc.a(_divmodhi4.o)
                              ./main.o (__divmodhi4)
c:/users/gasser/desktop/iti/lec/imt_sdk_win_64/imt_sdk_win_64/winavr/bin/../lib/gcc/avr/4.3.3/avr5\libgcc.a(_divmodsi4.o)
                              ./buzzer.o (__divmodsi4)
c:/users/gasser/desktop/iti/lec/imt_sdk_win_64/imt_sdk_win_64/winavr/bin/../lib/gcc/avr/4.3.3/avr5\libgcc.a(_exit.o)
                              c:/users/gasser/desktop/iti/lec/imt_sdk_win_64/imt_sdk_win_64/winavr/bin/../lib/gcc/avr/4.3.3/../../../../avr/lib/avr5/crtm32.o (exit)
c:/users/gasser/desktop/iti/lec/imt_sdk_win_64/imt_sdk_win_64/winavr/bin/../lib/gcc/avr/4.3.3/avr5\libgcc.a(_copy_data.o)
                              ./alarm.o (__do_copy_data)
c:/users/gasser/desktop/iti/lec/imt_sdk_win_64/imt_sdk_win_64/winavr/bin/../lib/gcc/avr/4.3.3/avr5\libgcc.a(_clear_bss.o)
                              ./alarm.o (__do_clear_bss)
c:/users/gasser/desktop/iti/lec/imt_sdk_win_64/imt_sdk_win_64/winavr/bin/../lib/gcc/avr/4.3.3/avr5\libgcc.a(_fixunssfsi.o)
                              ./buttons.o (__fixunssfsi)
c:/users/gasser/desktop/iti/lec/imt_sdk_win_64/imt_sdk_win_64/winavr/bin/../lib/gcc/avr/4.3.3/avr5\libgcc.a(_addsub_sf.o)
                              c:/users/gasser/desktop/iti/lec/imt_sdk_win_64/imt_sdk_win_64/winavr/bin/../lib/gcc/avr/4.3.3/avr5\libgcc.a(_fixunssfsi.o) (__subsf3)
c:/users/gasser/desktop/iti/lec/imt_sdk_win_64/imt_sdk_win_64/winavr/bin/../lib/gcc/avr/4.3.3/avr5\libgcc.a(_mul_sf.o)
                              ./buttons.o (__mulsf3)
c:/users/gasser/desktop/iti/lec/imt_sdk_win_64/imt_sdk_win_64/winavr/bin/../lib/gcc/avr/4.3.3/avr5\libgcc.a(_div_sf.o)
                              ./buttons.o (__divsf3)
c:/users/gasser/desktop/iti/lec/imt_sdk_win_64/imt_sdk_win_64/winavr/bin/../lib/gcc/avr/4.3.3/avr5\libgcc.a(_gt_sf.o)
                              ./buttons.o (__gtsf2)
c:/users/gasser/desktop/iti/lec/imt_sdk_win_64/imt_sdk_win_64/winavr/bin/../lib/gcc/avr/4.3.3/avr5\libgcc.a(_ge_sf.o)
                              c:/users/gasser/desktop/iti/lec/imt_sdk_win_64/imt_sdk_win_64/winavr/bin/../lib/gcc/avr/4.3.3/avr5\libgcc.a(_fixunssfsi.o) (__gesf2)
c:/users/gasser/desktop/iti/lec/imt_sdk_win_64/imt_sdk_win_64/winavr/bin/../lib/gcc/avr/4.3.3/avr5\libgcc.a(_lt_sf.o)
                              ./buttons.o (__ltsf2)
c:/users/gasser/desktop/iti/lec/imt_sdk_win_64/imt_sdk_win_64/winavr/bin/../lib/gcc/avr/4.3.3/avr5\libgcc.a(_si_to_sf.o)
                              ./buzzer.o (__floatsisf)
c:/users/gasser/desktop/iti/lec/imt_sdk_win_64/imt_sdk_win_64/winavr/bin/../lib/gcc/avr/4.3.3/avr5\libgcc.a(_sf_to_si.o)
                              c:/users/gasser/desktop/iti/lec/imt_sdk_win_64/imt_sdk_win_64/winavr/bin/../lib/gcc/avr/4.3.3/avr5\libgcc.a(_fixunssfsi.o) (__fixsfsi)
c:/users/gasser/desktop/iti/lec/imt_sdk_win_64/imt_sdk_win_64/winavr/bin/../lib/gcc/avr/4.3.3/avr5\libgcc.a(_thenan_sf.o)
                              c:/users/gasser/desktop/iti/lec/imt_sdk_win_64/imt_sdk_win_64/winavr/bin/../lib/gcc/avr/4.3.3/avr5\libgcc.a(_addsub_sf.o) (__thenan_sf)
c:/users/gasser/desktop/iti/lec/imt_sdk_win_64/imt_sdk_win_64/winavr/bin/../lib/gcc/avr/4.3.3/avr5\libgcc.a(_usi_to_sf.o)
                              ./buzzer.o (__floatunsisf)
c:/users/gasser/desktop/iti/lec/imt_sdk_win_64/imt_sdk_win_64/winavr/bin/../lib/gcc/avr/4.3.3/avr5\libgcc.a(_udivmodsi4.o)
                              c:/users/gasser/desktop/iti/lec/imt_sdk_win_64/imt_sdk_win_64/winavr/bin/../lib/gcc/avr/4.3.3/avr5\libgcc.a(_divmodsi4.o) (__udivmodsi4)
c:/users/gasser/desktop/iti/lec/imt_sdk_win_64/imt_sdk_win_64/winavr/bin/../lib/gcc/avr/4.3.3/avr5\libgcc.a(_prologue.o)
                              c:/users/gasser/desktop/iti/lec/imt_sdk_win_64/imt_sdk_win_64/winavr/bin/../lib/gcc/avr/4.3.3/avr5\libgcc.a(_addsub_sf.o) (__prologue_saves__)
c:/users/gasser/desktop/iti/lec/imt_sdk_win_64/imt_sdk_win_64/winavr/bin/../lib/gcc/avr/4.3.3/avr5\libgcc.a(_epilogue.o)
                              c:/users/gasser/desktop/iti/lec/imt_sdk_win_64/imt_sdk_win_64/winavr/bin/../lib/gcc/avr/4.3.3/avr5\libgcc.a(_addsub_sf.o) (__epilogue_restores__)
c:/users/gasser/desktop/iti/lec/imt_sdk_win_64/imt_sdk_win_64/winavr/bin/../lib/gcc/avr/4.3.3/avr5\libgcc.a(_clzsi2.o)
                              c:/users/gasser/desktop/iti/lec/imt_sdk_win_64/imt_sdk_win_64/winavr/bin/../lib/gcc/avr/4.3.3/avr5\libgcc.a(_si_to_sf.o) (__clzsi2)
c:/users/gasser/desktop/iti/lec/imt_sdk_win_64/imt_sdk_win_64/winavr/bin/../lib/gcc/avr/4.3.3/avr5\libgcc.a(_pack_sf.o)
                              c:/users/gasser/desktop/iti/lec/imt_sdk_win_64/imt_sdk_win_64/winavr/bin/../lib/gcc/avr/4.3.3/avr5\libgcc.a(_addsub_sf.o) (__pack_f)
c:/users/gasser/desktop/iti/lec/imt_sdk_win_64/imt_sdk_win_64/winavr/bin/../lib/gcc/avr/4.3.3/avr5\libgcc.a(_unpack_sf.o)
                              c:/users/gasser/desktop/iti/lec/imt_sdk_win_64/imt_sdk_win_64/winavr/bin/../lib/gcc/avr/4.3.3/avr5\libgcc.a(_addsub_sf.o) (__unpack_f)
c:/users/gasser/desktop/iti/lec/imt_sdk_win_64/imt_sdk_win_64/winavr/bin/../lib/gcc/avr/4.3.3/avr5\libgcc.a(_fpcmp_parts_sf.o)
                              c:/users/gasser/desktop/iti/lec/imt_sdk_win_64/imt_sdk_win_64/winavr/bin/../lib/gcc/avr/4.3.3/avr5\libgcc.a(_gt_sf.o) (__fpcmp_parts_f)
c:/users/gasser/desktop/iti/lec/imt_sdk_win_64/imt_sdk_win_64/winavr/bin/../lib/gcc/avr/4.3.3/avr5\libgcc.a(_clz.o)
                              c:/users/gasser/desktop/iti/lec/imt_sdk_win_64/imt_sdk_win_64/winavr/bin/../lib/gcc/avr/4.3.3/avr5\libgcc.a(_clzsi2.o) (__clz_tab)
c:/users/gasser/desktop/iti/lec/imt_sdk_win_64/imt_sdk_win_64/winavr/bin/../lib/gcc/avr/4.3.3/../../../../avr/lib/avr5\libc.a(sprintf.o)
                              ./alarm.o (sprintf)
c:/users/gasser/desktop/iti/lec/imt_sdk_win_64/imt_sdk_win_64/winavr/bin/../lib/gcc/avr/4.3.3/../../../../avr/lib/avr5\libc.a(vfprintf_std.o)
                              c:/users/gasser/desktop/iti/lec/imt_sdk_win_64/imt_sdk_win_64/winavr/bin/../lib/gcc/avr/4.3.3/../../../../avr/lib/avr5\libc.a(sprintf.o) (vfprintf)
c:/users/gasser/desktop/iti/lec/imt_sdk_win_64/imt_sdk_win_64/winavr/bin/../lib/gcc/avr/4.3.3/../../../../avr/lib/avr5\libc.a(strnlen_P.o)
                              c:/users/gasser/desktop/iti/lec/imt_sdk_win_64/imt_sdk_win_64/winavr/bin/../lib/gcc/avr/4.3.3/../../../../avr/lib/avr5\libc.a(vfprintf_std.o) (strnlen_P)
c:/users/gasser/desktop/iti/lec/imt_sdk_win_64/imt_sdk_win_64/winavr/bin/../lib/gcc/avr/4.3.3/../../../../avr/lib/avr5\libc.a(strnlen.o)
                              c:/users/gasser/desktop/iti/lec/imt_sdk_win_64/imt_sdk_win_64/winavr/bin/../lib/gcc/avr/4.3.3/../../../../avr/lib/avr5\libc.a(vfprintf_std.o) (strnlen)
c:/users/gasser/desktop/iti/lec/imt_sdk_win_64/imt_sdk_win_64/winavr/bin/../lib/gcc/avr/4.3.3/../../../../avr/lib/avr5\libc.a(fputc.o)
                              c:/users/gasser/desktop/iti/lec/imt_sdk_win_64/imt_sdk_win_64/winavr/bin/../lib/gcc/avr/4.3.3/../../../../avr/lib/avr5\libc.a(vfprintf_std.o) (fputc)
c:/users/gasser/desktop/iti/lec/imt_sdk_win_64/imt_sdk_win_64/winavr/bin/../lib/gcc/avr/4.3.3/../../../../avr/lib/avr5\libc.a(ultoa_invert.o)
                              c:/users/gasser/desktop/iti/lec/imt_sdk_win_64/imt_sdk_win_64/winavr/bin/../lib/gcc/avr/4.3.3/../../../../avr/lib/avr5\libc.a(vfprintf_std.o) (__ultoa_invert)

Memory Configuration

Name             Origin             Length             Attributes
text             0x00000000         0x00020000         xr
data             0x00800060         0x0000ffa0         rw !x
eeprom           0x00810000         0x00010000         rw !x
fuse             0x00820000         0x00000400         rw !x
lock             0x00830000         0x00000400         rw !x
signature        0x00840000         0x00000400         rw !x
*default*        0x00000000         0xffffffff

Linker script and memory map

LOAD c:/users/gasser/desktop/iti/lec/imt_sdk_win_64/imt_sdk_win_64/winavr/bin/../lib/gcc/avr/4.3.3/../../../../avr/lib/avr5/crtm32.o
LOAD ./alarm.o
LOAD ./buttons.o
LOAD ./buzzer.o
LOAD ./countdown.o
LOAD ./lcd.o
LOAD ./main.o
LOAD ./rtc.o
LOAD ./stopwatch.o
LOAD ./time_utils.o
LOAD c:/users/gasser/desktop/iti/lec/imt_sdk_win_64/imt_sdk_win_64/winavr/bin/../lib/gcc/avr/4.3.3/avr5\libgcc.a
LOAD c:/users/gasser/desktop/iti/lec/imt_sdk_win_64/imt_sdk_win_64/winavr/bin/../lib/gcc/avr/4.3.3/../../../../avr/lib/avr5\libc.a
LOAD c:/users/gasser/desktop/iti/lec/imt_sdk_win_64/imt_sdk_win_64/winavr/bin/../lib/gcc/avr/4.3.3/avr5\libgcc.a

.hash
 *(.hash)

.dynsym
 *(.dynsym)

.dynstr
 *(.dynstr)

.gnu.version
 *(.gnu.version)

.gnu.version_d
 *(.gnu.version_d)

.gnu.version_r
 *(.gnu.version_r)

.rel.init
 *(.rel.init)

.rela.init
 *(.rela.init)

.rel.text
 *(.rel.text)
 *(.rel.text.*)
 *(.rel.gnu.linkonce.t*)

.rela.text
 *(.rela.text)
 *(.rela.text.*)
 *(.rela.gnu.linkonce.t*)

.rel.fini
 *(.rel.fini)

.rela.fini
 *(.rela.fini)

.rel.rodata
 *(.rel.rodata)
 *(.rel.rodata.*)
 *(.rel.gnu.linkonce.r*)

.rela.rodata
 *(.rela.rodata)
 *(.rela.rodata.*)
 *(.rela.gnu.linkonce.r*)

.rel.data
 *(.rel.data)
 *(.rel.data.*)
 *(.rel.gnu.linkonce.d*)

.rela.data
 *(.rela.data)
 *(.rela.data.*)
 *(.rela.gnu.linkonce.d*)

.rel.ctors
 *(.rel.ctors)

.rela.ctors
 *(.rela.ctors)

.rel.dtors
 *(.rel.dtors)

.rela.dtors
 *(.rela.dtors)

.rel.got
 *(.rel.got)

.rela.got
 *(.rela.got)

.rel.bss
 *(.rel.bss)

.rela.bss
 *(.rela.bss)

.rel.plt
 *(.rel.plt)

.rela.plt
 *(.rela.plt)

.text           0x00000000     0x74f6
 *(.vectors)
 .vectors       0x00000000       0x54 c:/users/gasser/desktop/iti/lec/imt_sdk_win_64/imt_sdk_win_64/winavr/bin/../lib/gcc/avr/4.3.3/../../../../avr/lib/avr5/crtm32.o
                0x00000000                __vectors
                0x00000000                __vector_default
 *(.vectors)
 *(.progmem.gcc*)
 *(.progmem*)
                0x00000054                . = ALIGN (0x2)
                0x00000054                __trampolines_start = .
 *(.trampolines)
 .trampolines   0x00000054        0x0 linker stubs
 *(.trampolines*)
                0x00000054                __trampolines_end = .
 *(.jumptables)
 *(.jumptables*)
 *(.lowtext)
 *(.lowtext*)
                0x00000054                __ctors_start = .
 *(.ctors)
                0x00000054                __ctors_end = .
                0x00000054                __dtors_start = .
 *(.dtors)
                0x00000054                __dtors_end = .
 SORT(*)(.ctors)
 SORT(*)(.dtors)
 *(.init0)
 .init0         0x00000054        0x0 c:/users/gasser/desktop/iti/lec/imt_sdk_win_64/imt_sdk_win_64/winavr/bin/../lib/gcc/avr/4.3.3/../../../../avr/lib/avr5/crtm32.o
                0x00000054                __init
 *(.init0)
 *(.init1)
 *(.init1)
 *(.init2)
 .init2         0x00000054        0xc c:/users/gasser/desktop/iti/lec/imt_sdk_win_64/imt_sdk_win_64/winavr/bin/../lib/gcc/avr/4.3.3/../../../../avr/lib/avr5/crtm32.o
 *(.init2)
 *(.init3)
 *(.init3)
 *(.init4)
 .init4         0x00000060       0x16 c:/users/gasser/desktop/iti/lec/imt_sdk_win_64/imt_sdk_win_64/winavr/bin/../lib/gcc/avr/4.3.3/avr5\libgcc.a(_copy_data.o)
                0x00000060                __do_copy_data
 .init4         0x00000076       0x10 c:/users/gasser/desktop/iti/lec/imt_sdk_win_64/imt_sdk_win_64/winavr/bin/../lib/gcc/avr/4.3.3/avr5\libgcc.a(_clear_bss.o)
                0x00000076                __do_clear_bss
 *(.init4)
 *(.init5)
 *(.init5)
 *(.init6)
 *(.init6)
 *(.init7)
 *(.init7)
 *(.init8)
 *(.init8)
 *(.init9)
 .init9         0x00000086        0x8 c:/users/gasser/desktop/iti/lec/imt_sdk_win_64/imt_sdk_win_64/winavr/bin/../lib/gcc/avr/4.3.3/../../../../avr/lib/avr5/crtm32.o
 *(.init9)
 *(.text)
 .text          0x0000008e        0x4 c:/users/gasser/desktop/iti/lec/imt_sdk_win_64/imt_sdk_win_64/winavr/bin/../lib/gcc/avr/4.3.3/../../../../avr/lib/avr5/crtm32.o
                0x0000008e                __vector_1
                0x0000008e                __vector_12
                0x0000008e                __bad_interrupt
                0x0000008e                __vector_6
                0x0000008e                __vector_3
                0x0000008e                __vector_11
                0x0000008e                __vector_13
                0x0000008e                __vector_17
                0x0000008e                __vector_19
                0x0000008e                __vector_5
                0x0000008e                __vector_4
                0x0000008e                __vector_9
                0x0000008e                __vector_2
                0x0000008e                __vector_15
                0x0000008e                __vector_8
                0x0000008e                __vector_14
                0x0000008e                __vector_10
                0x0000008e                __vector_16
                0x0000008e                __vector_18
                0x0000008e                __vector_20
 .text          0x00000092        0x0 ./alarm.o
 .text          0x00000092        0x0 ./buttons.o
 .text          0x00000092        0x0 ./buzzer.o
 .text          0x00000092        0x0 ./countdown.o
 .text          0x00000092        0x0 ./lcd.o
 .text          0x00000092        0x0 ./main.o
 .text          0x00000092        0x0 ./rtc.o
 .text          0x00000092        0x0 ./stopwatch.o
 .text          0x00000092        0x0 ./time_utils.o
 .text          0x00000092        0x0 c:/users/gasser/desktop/iti/lec/imt_sdk_win_64/imt_sdk_win_64/winavr/bin/../lib/gcc/avr/4.3.3/avr5\libgcc.a(_udivmodqi4.o)
 .text          0x00000092        0x0 c:/users/gasser/desktop/iti/lec/imt_sdk_win_64/imt_sdk_win_64/winavr/bin/../lib/gcc/avr/4.3.3/avr5\libgcc.a(_udivmodhi4.o)
 .text          0x00000092        0x0 c:/users/gasser/desktop/iti/lec/imt_sdk_win_64/imt_sdk_win_64/winavr/bin/../lib/gcc/avr/4.3.3/avr5\libgcc.a(_divmodhi4.o)
 .text          0x00000092        0x0 c:/users/gasser/desktop/iti/lec/imt_sdk_win_64/imt_sdk_win_64/winavr/bin/../lib/gcc/avr/4.3.3/avr5\libgcc.a(_divmodsi4.o)
 .text          0x00000092        0x0 c:/users/gasser/desktop/iti/lec/imt_sdk_win_64/imt_sdk_win_64/winavr/bin/../lib/gcc/avr/4.3.3/avr5\libgcc.a(_exit.o)
 .text          0x00000092        0x0 c:/users/gasser/desktop/iti/lec/imt_sdk_win_64/imt_sdk_win_64/winavr/bin/../lib/gcc/avr/4.3.3/avr5\libgcc.a(_copy_data.o)
 .text          0x00000092        0x0 c:/users/gasser/desktop/iti/lec/imt_sdk_win_64/imt_sdk_win_64/winavr/bin/../lib/gcc/avr/4.3.3/avr5\libgcc.a(_clear_bss.o)
 .text          0x00000092       0x58 c:/users/gasser/desktop/iti/lec/imt_sdk_win_64/imt_sdk_win_64/winavr/bin/../lib/gcc/avr/4.3.3/avr5\libgcc.a(_fixunssfsi.o)
                0x00000092                __fixunssfsi
 .text          0x000000ea      0x354 c:/users/gasser/desktop/iti/lec/imt_sdk_win_64/imt_sdk_win_64/winavr/bin/../lib/gcc/avr/4.3.3/avr5\libgcc.a(_addsub_sf.o)
                0x00000382                __subsf3
                0x000003e4                __addsf3
 .text          0x0000043e      0x1f4 c:/users/gasser/desktop/iti/lec/imt_sdk_win_64/imt_sdk_win_64/winavr/bin/../lib/gcc/avr/4.3.3/avr5\libgcc.a(_mul_sf.o)
                0x0000043e                __mulsf3
 .text          0x00000632      0x158 c:/users/gasser/desktop/iti/lec/imt_sdk_win_64/imt_sdk_win_64/winavr/bin/../lib/gcc/avr/4.3.3/avr5\libgcc.a(_div_sf.o)
                0x00000632                __divsf3
 .text          0x0000078a       0x60 c:/users/gasser/desktop/iti/lec/imt_sdk_win_64/imt_sdk_win_64/winavr/bin/../lib/gcc/avr/4.3.3/avr5\libgcc.a(_gt_sf.o)
                0x0000078a                __gtsf2
 .text          0x000007ea       0x60 c:/users/gasser/desktop/iti/lec/imt_sdk_win_64/imt_sdk_win_64/winavr/bin/../lib/gcc/avr/4.3.3/avr5\libgcc.a(_ge_sf.o)
                0x000007ea                __gesf2
 .text          0x0000084a       0x60 c:/users/gasser/desktop/iti/lec/imt_sdk_win_64/imt_sdk_win_64/winavr/bin/../lib/gcc/avr/4.3.3/avr5\libgcc.a(_lt_sf.o)
                0x0000084a                __ltsf2
 .text          0x000008aa       0xbc c:/users/gasser/desktop/iti/lec/imt_sdk_win_64/imt_sdk_win_64/winavr/bin/../lib/gcc/avr/4.3.3/avr5\libgcc.a(_si_to_sf.o)
                0x000008aa                __floatsisf
 .text          0x00000966       0xa8 c:/users/gasser/desktop/iti/lec/imt_sdk_win_64/imt_sdk_win_64/winavr/bin/../lib/gcc/avr/4.3.3/avr5\libgcc.a(_sf_to_si.o)
                0x00000966                __fixsfsi
 .text          0x00000a0e        0x0 c:/users/gasser/desktop/iti/lec/imt_sdk_win_64/imt_sdk_win_64/winavr/bin/../lib/gcc/avr/4.3.3/avr5\libgcc.a(_thenan_sf.o)
 .text          0x00000a0e       0xf2 c:/users/gasser/desktop/iti/lec/imt_sdk_win_64/imt_sdk_win_64/winavr/bin/../lib/gcc/avr/4.3.3/avr5\libgcc.a(_usi_to_sf.o)
                0x00000a0e                __floatunsisf
 .text          0x00000b00        0x0 c:/users/gasser/desktop/iti/lec/imt_sdk_win_64/imt_sdk_win_64/winavr/bin/../lib/gcc/avr/4.3.3/avr5\libgcc.a(_udivmodsi4.o)
 .text          0x00000b00        0x0 c:/users/gasser/desktop/iti/lec/imt_sdk_win_64/imt_sdk_win_64/winavr/bin/../lib/gcc/avr/4.3.3/avr5\libgcc.a(_prologue.o)
 .text          0x00000b00        0x0 c:/users/gasser/desktop/iti/lec/imt_sdk_win_64/imt_sdk_win_64/winavr/bin/../lib/gcc/avr/4.3.3/avr5\libgcc.a(_epilogue.o)
 .text          0x00000b00       0x9e c:/users/gasser/desktop/iti/lec/imt_sdk_win_64/imt_sdk_win_64/winavr/bin/../lib/gcc/avr/4.3.3/avr5\libgcc.a(_clzsi2.o)
                0x00000b00                __clzsi2
 .text          0x00000b9e      0x1aa c:/users/gasser/desktop/iti/lec/imt_sdk_win_64/imt_sdk_win_64/winavr/bin/../lib/gcc/avr/4.3.3/avr5\libgcc.a(_pack_sf.o)
                0x00000b9e                __pack_f
 .text          0x00000d48       0xf0 c:/users/gasser/desktop/iti/lec/imt_sdk_win_64/imt_sdk_win_64/winavr/bin/../lib/gcc/avr/4.3.3/avr5\libgcc.a(_unpack_sf.o)
                0x00000d48                __unpack_f
 .text          0x00000e38       0xb2 c:/users/gasser/desktop/iti/lec/imt_sdk_win_64/imt_sdk_win_64/winavr/bin/../lib/gcc/avr/4.3.3/avr5\libgcc.a(_fpcmp_parts_sf.o)
                0x00000e38                __fpcmp_parts_f
 .text          0x00000eea        0x0 c:/users/gasser/desktop/iti/lec/imt_sdk_win_64/imt_sdk_win_64/winavr/bin/../lib/gcc/avr/4.3.3/avr5\libgcc.a(_clz.o)
 .text          0x00000eea        0x0 c:/users/gasser/desktop/iti/lec/imt_sdk_win_64/imt_sdk_win_64/winavr/bin/../lib/gcc/avr/4.3.3/../../../../avr/lib/avr5\libc.a(sprintf.o)
 .text          0x00000eea        0x0 c:/users/gasser/desktop/iti/lec/imt_sdk_win_64/imt_sdk_win_64/winavr/bin/../lib/gcc/avr/4.3.3/../../../../avr/lib/avr5\libc.a(vfprintf_std.o)
 .text          0x00000eea        0x0 c:/users/gasser/desktop/iti/lec/imt_sdk_win_64/imt_sdk_win_64/winavr/bin/../lib/gcc/avr/4.3.3/../../../../avr/lib/avr5\libc.a(strnlen_P.o)
 .text          0x00000eea        0x0 c:/users/gasser/desktop/iti/lec/imt_sdk_win_64/imt_sdk_win_64/winavr/bin/../lib/gcc/avr/4.3.3/../../../../avr/lib/avr5\libc.a(strnlen.o)
 .text          0x00000eea        0x0 c:/users/gasser/desktop/iti/lec/imt_sdk_win_64/imt_sdk_win_64/winavr/bin/../lib/gcc/avr/4.3.3/../../../../avr/lib/avr5\libc.a(fputc.o)
 .text          0x00000eea        0x0 c:/users/gasser/desktop/iti/lec/imt_sdk_win_64/imt_sdk_win_64/winavr/bin/../lib/gcc/avr/4.3.3/../../../../avr/lib/avr5\libc.a(ultoa_invert.o)
                0x00000eea                . = ALIGN (0x2)
 *(.text.*)
 .text.alarm_init
                0x00000eea       0x22 ./alarm.o
                0x00000eea                alarm_init
 .text.alarm_set
                0x00000f0c       0x24 ./alarm.o
                0x00000f0c                alarm_set
 .text.alarm_enable
                0x00000f30       0x18 ./alarm.o
                0x00000f30                alarm_enable
 .text.alarm_disable
                0x00000f48       0x16 ./alarm.o
                0x00000f48                alarm_disable
 .text.alarm_stop
                0x00000f5e       0x12 ./alarm.o
                0x00000f5e                alarm_stop
 .text.alarm_check_trigger
                0x00000f70       0x58 ./alarm.o
                0x00000f70                alarm_check_trigger
 .text.alarm_is_enabled
                0x00000fc8       0x12 ./alarm.o
                0x00000fc8                alarm_is_enabled
 .text.alarm_get_time
                0x00000fda       0x84 ./alarm.o
                0x00000fda                alarm_get_time
 .text.alarm_display
                0x0000105e       0x36 ./alarm.o
                0x0000105e                alarm_display
 .text.alarm_time_matches
                0x00001094       0x42 ./alarm.o
                0x00001094                alarm_time_matches
 .text.alarm_format_time
                0x000010d6       0x6a ./alarm.o
                0x000010d6                alarm_format_time
 .text.buttons_init
                0x00001140       0x76 ./buttons.o
                0x00001140                buttons_init
 .text.buttons_read_input
                0x000011b6      0x2a8 ./buttons.o
                0x000011b6                buttons_read_input
 .text.button_is_pressed
                0x0000145e       0x5e ./buttons.o
                0x0000145e                button_is_pressed
 .text.button_was_pressed
                0x000014bc       0x44 ./buttons.o
                0x000014bc                button_was_pressed
 .text.button_clear_press
                0x00001500       0x28 ./buttons.o
                0x00001500                button_clear_press
 .text.get_pressed_button
                0x00001528       0x3a ./buttons.o
                0x00001528                get_pressed_button
 .text.button_get_state
                0x00001562       0x32 ./buttons.o
                0x00001562                button_get_state
 .text.buzzer_init
                0x00001594       0x20 ./buzzer.o
                0x00001594                buzzer_init
 .text.buzzer_on
                0x000015b4       0x1c ./buzzer.o
                0x000015b4                buzzer_on
 .text.buzzer_off
                0x000015d0       0x1c ./buzzer.o
                0x000015d0                buzzer_off
 .text.buzzer_beep
                0x000015ec      0x124 ./buzzer.o
                0x000015ec                buzzer_beep
 .text.buzzer_tone
                0x00001710      0x3ba ./buzzer.o
                0x00001710                buzzer_tone
 .text.countdown_init
                0x00001aca       0x22 ./countdown.o
                0x00001aca                countdown_init
 .text.countdown_set
                0x00001aec       0x30 ./countdown.o
                0x00001aec                countdown_set
 .text.countdown_start
                0x00001b1c       0x28 ./countdown.o
                0x00001b1c                countdown_start
 .text.countdown_stop
                0x00001b44       0x1a ./countdown.o
                0x00001b44                countdown_stop
 .text.countdown_reset
                0x00001b5e       0x22 ./countdown.o
                0x00001b5e                countdown_reset
 .text.countdown_update
                0x00001b80       0x1a ./countdown.o
                0x00001b80                countdown_update
 .text.countdown_is_running
                0x00001b9a       0x22 ./countdown.o
                0x00001b9a                countdown_is_running
 .text.countdown_is_finished
                0x00001bbc       0x22 ./countdown.o
                0x00001bbc                countdown_is_finished
 .text.countdown_get_time
                0x00001bde       0x16 ./countdown.o
                0x00001bde                countdown_get_time
 .text.countdown_display
                0x00001bf4       0x36 ./countdown.o
                0x00001bf4                countdown_display
 .text.countdown_decrement
                0x00001c2a       0x46 ./countdown.o
                0x00001c2a                countdown_decrement
 .text.countdown_format_time
                0x00001c70       0x78 ./countdown.o
                0x00001c70                countdown_format_time
 .text.countdown_get_minutes
                0x00001ce8       0x22 ./countdown.o
                0x00001ce8                countdown_get_minutes
 .text.countdown_get_seconds
                0x00001d0a       0x20 ./countdown.o
                0x00001d0a                countdown_get_seconds
 .text.lcd_init
                0x00001d2a      0xaa0 ./lcd.o
                0x00001d2a                lcd_init
 .text.lcd_clear
                0x000027ca      0x110 ./lcd.o
                0x000027ca                lcd_clear
 .text.lcd_goto
                0x000028da       0x36 ./lcd.o
                0x000028da                lcd_goto
 .text.lcd_print
                0x00002910       0x38 ./lcd.o
                0x00002910                lcd_print
 .text.lcd_print_char
                0x00002948       0x1a ./lcd.o
                0x00002948                lcd_print_char
 .text.lcd_display_time
                0x00002962       0x8c ./lcd.o
                0x00002962                lcd_display_time
 .text.lcd_display_date
                0x000029ee       0x8c ./lcd.o
                0x000029ee                lcd_display_date
 .text.lcd_display_mode_name
                0x00002a7a       0x20 ./lcd.o
                0x00002a7a                lcd_display_mode_name
 .text.lcd_write_command
                0x00002a9a       0x34 ./lcd.o
                0x00002a9a                lcd_write_command
 .text.lcd_write_data
                0x00002ace       0x34 ./lcd.o
                0x00002ace                lcd_write_data
 .text.lcd_write_nibble
                0x00002b02       0x96 ./lcd.o
                0x00002b02                lcd_write_nibble
 .text.lcd_pulse_enable
                0x00002b98      0x33a ./lcd.o
                0x00002b98                lcd_pulse_enable
 .text.main     0x00002ed2      0x2b6 ./main.o
                0x00002ed2                main
 .text.system_init
                0x00003188      0x170 ./main.o
                0x00003188                system_init
 .text.set_initial_time_date
                0x000032f8       0x86 ./main.o
                0x000032f8                set_initial_time_date
 .text.handle_mode_clock
                0x0000337e        0xe ./main.o
                0x0000337e                handle_mode_clock
 .text.handle_mode_time_set
                0x0000338c      0x4bc ./main.o
                0x0000338c                handle_mode_time_set
 .text.handle_mode_alarm_set
                0x00003848      0x36e ./main.o
                0x00003848                handle_mode_alarm_set
 .text.handle_mode_stopwatch
                0x00003bb6      0x228 ./main.o
                0x00003bb6                handle_mode_stopwatch
 .text.handle_mode_countdown
                0x00003dde      0x366 ./main.o
                0x00003dde                handle_mode_countdown
 .text.handle_mode_setup
                0x00004144      0x49a ./main.o
                0x00004144                handle_mode_setup
 .text.update_display
                0x000045de      0x2ac ./main.o
                0x000045de                update_display
 .text.check_alarm_trigger
                0x0000488a      0x120 ./main.o
                0x0000488a                check_alarm_trigger
 .text.__vector_7
                0x000049aa       0x2a ./main.o
                0x000049aa                __vector_7
 .text.debug_buttons
                0x000049d4      0x436 ./main.o
                0x000049d4                debug_buttons
 .text.debug_year_display
                0x00004e0a      0x2da ./main.o
                0x00004e0a                debug_year_display
 .text.rtc_i2c_start
                0x000050e4      0x1da ./rtc.o
                0x000050e4                rtc_i2c_start
 .text.rtc_i2c_stop
                0x000052be      0x356 ./rtc.o
                0x000052be                rtc_i2c_stop
 .text.rtc_i2c_write
                0x00005614      0x3cc ./rtc.o
                0x00005614                rtc_i2c_write
 .text.rtc_i2c_read
                0x000059e0      0x5e8 ./rtc.o
                0x000059e0                rtc_i2c_read
 .text.rtc_init
                0x00005fc8      0x126 ./rtc.o
                0x00005fc8                rtc_init
 .text.rtc_write_register
                0x000060ee       0x32 ./rtc.o
                0x000060ee                rtc_write_register
 .text.rtc_read_register
                0x00006120       0x3e ./rtc.o
                0x00006120                rtc_read_register
 .text.rtc_get_time
                0x0000615e       0x4e ./rtc.o
                0x0000615e                rtc_get_time
 .text.rtc_set_time
                0x000061ac       0x54 ./rtc.o
                0x000061ac                rtc_set_time
 .text.rtc_get_date
                0x00006200       0x56 ./rtc.o
                0x00006200                rtc_get_date
 .text.rtc_set_date
                0x00006256       0x58 ./rtc.o
                0x00006256                rtc_set_date
 .text.rtc_is_valid_time
                0x000062ae       0x4c ./rtc.o
                0x000062ae                rtc_is_valid_time
 .text.rtc_is_valid_date
                0x000062fa       0x76 ./rtc.o
                0x000062fa                rtc_is_valid_date
 .text.bcd_to_bin
                0x00006370       0x3a ./rtc.o
                0x00006370                bcd_to_bin
 .text.bin_to_bcd
                0x000063aa       0x3e ./rtc.o
                0x000063aa                bin_to_bcd
 .text.stopwatch_init
                0x000063e8       0x1e ./stopwatch.o
                0x000063e8                stopwatch_init
 .text.stopwatch_start
                0x00006406       0x1c ./stopwatch.o
                0x00006406                stopwatch_start
 .text.stopwatch_stop
                0x00006422       0x1a ./stopwatch.o
                0x00006422                stopwatch_stop
 .text.stopwatch_reset
                0x0000643c       0x1e ./stopwatch.o
                0x0000643c                stopwatch_reset
 .text.stopwatch_update
                0x0000645a       0x1a ./stopwatch.o
                0x0000645a                stopwatch_update
 .text.stopwatch_is_running
                0x00006474       0x22 ./stopwatch.o
                0x00006474                stopwatch_is_running
 .text.stopwatch_get_time
                0x00006496       0x84 ./stopwatch.o
                0x00006496                stopwatch_get_time
 .text.stopwatch_display
                0x0000651a       0x36 ./stopwatch.o
                0x0000651a                stopwatch_display
 .text.stopwatch_set_time
                0x00006550       0x6c ./stopwatch.o
                0x00006550                stopwatch_set_time
 .text.stopwatch_increment
                0x000065bc       0x62 ./stopwatch.o
                0x000065bc                stopwatch_increment
 .text.stopwatch_format_time
                0x0000661e       0x76 ./stopwatch.o
                0x0000661e                stopwatch_format_time
 .text.increment_hour
                0x00006694       0x24 ./time_utils.o
                0x00006694                increment_hour
 .text.decrement_hour
                0x000066b8       0x28 ./time_utils.o
                0x000066b8                decrement_hour
 .text.increment_minute
                0x000066e0       0x24 ./time_utils.o
                0x000066e0                increment_minute
 .text.decrement_minute
                0x00006704       0x28 ./time_utils.o
                0x00006704                decrement_minute
 .text.increment_second
                0x0000672c       0x24 ./time_utils.o
                0x0000672c                increment_second
 .text.decrement_second
                0x00006750       0x28 ./time_utils.o
                0x00006750                decrement_second
 .text.increment_day
                0x00006778       0x48 ./time_utils.o
                0x00006778                increment_day
 .text.decrement_day
                0x000067c0       0x40 ./time_utils.o
                0x000067c0                decrement_day
 .text.increment_month
                0x00006800       0x26 ./time_utils.o
                0x00006800                increment_month
 .text.decrement_month
                0x00006826       0x28 ./time_utils.o
                0x00006826                decrement_month
 .text.increment_year
                0x0000684e       0x3a ./time_utils.o
                0x0000684e                increment_year
 .text.decrement_year
                0x00006888       0x3c ./time_utils.o
                0x00006888                decrement_year
 .text.format_time_to_string
                0x000068c4       0x86 ./time_utils.o
                0x000068c4                format_time_to_string
 .text.format_date_to_string
                0x0000694a       0x84 ./time_utils.o
                0x0000694a                format_date_to_string
 .text.format_date_short
                0x000069ce       0xa0 ./time_utils.o
                0x000069ce                format_date_short
 .text.format_stopwatch_to_string
                0x00006a6e       0x86 ./time_utils.o
                0x00006a6e                format_stopwatch_to_string
 .text.format_countdown_to_string
                0x00006af4       0x98 ./time_utils.o
                0x00006af4                format_countdown_to_string
 .text.is_valid_hour
                0x00006b8c       0x24 ./time_utils.o
                0x00006b8c                is_valid_hour
 .text.is_valid_minute
                0x00006bb0       0x24 ./time_utils.o
                0x00006bb0                is_valid_minute
 .text.is_valid_second
                0x00006bd4       0x24 ./time_utils.o
                0x00006bd4                is_valid_second
 .text.is_valid_day
                0x00006bf8       0x52 ./time_utils.o
                0x00006bf8                is_valid_day
 .text.is_valid_month
                0x00006c4a       0x36 ./time_utils.o
                0x00006c4a                is_valid_month
 .text.is_valid_year
                0x00006c80       0x46 ./time_utils.o
                0x00006c80                is_valid_year
 .text.is_leap_year
                0x00006cc6       0x5e ./time_utils.o
                0x00006cc6                is_leap_year
 .text.days_in_month
                0x00006d24       0x5e ./time_utils.o
                0x00006d24                days_in_month
 .text.time_to_seconds
                0x00006d82       0x60 ./time_utils.o
                0x00006d82                time_to_seconds
 .text.seconds_to_time
                0x00006de2       0x80 ./time_utils.o
                0x00006de2                seconds_to_time
 .text.libgcc   0x00006e62       0x18 c:/users/gasser/desktop/iti/lec/imt_sdk_win_64/imt_sdk_win_64/winavr/bin/../lib/gcc/avr/4.3.3/avr5\libgcc.a(_udivmodqi4.o)
                0x00006e62                __udivmodqi4
 .text.libgcc   0x00006e7a       0x28 c:/users/gasser/desktop/iti/lec/imt_sdk_win_64/imt_sdk_win_64/winavr/bin/../lib/gcc/avr/4.3.3/avr5\libgcc.a(_udivmodhi4.o)
                0x00006e7a                __udivmodhi4
 .text.libgcc   0x00006ea2       0x26 c:/users/gasser/desktop/iti/lec/imt_sdk_win_64/imt_sdk_win_64/winavr/bin/../lib/gcc/avr/4.3.3/avr5\libgcc.a(_divmodhi4.o)
                0x00006ea2                __divmodhi4
                0x00006ea2                _div
 .text.libgcc   0x00006ec8       0x36 c:/users/gasser/desktop/iti/lec/imt_sdk_win_64/imt_sdk_win_64/winavr/bin/../lib/gcc/avr/4.3.3/avr5\libgcc.a(_divmodsi4.o)
                0x00006ec8                __divmodsi4
 .text.libgcc   0x00006efe        0x0 c:/users/gasser/desktop/iti/lec/imt_sdk_win_64/imt_sdk_win_64/winavr/bin/../lib/gcc/avr/4.3.3/avr5\libgcc.a(_exit.o)
 .text.libgcc   0x00006efe        0x0 c:/users/gasser/desktop/iti/lec/imt_sdk_win_64/imt_sdk_win_64/winavr/bin/../lib/gcc/avr/4.3.3/avr5\libgcc.a(_copy_data.o)
 .text.libgcc   0x00006efe        0x0 c:/users/gasser/desktop/iti/lec/imt_sdk_win_64/imt_sdk_win_64/winavr/bin/../lib/gcc/avr/4.3.3/avr5\libgcc.a(_clear_bss.o)
 .text.libgcc   0x00006efe       0x44 c:/users/gasser/desktop/iti/lec/imt_sdk_win_64/imt_sdk_win_64/winavr/bin/../lib/gcc/avr/4.3.3/avr5\libgcc.a(_udivmodsi4.o)
                0x00006efe                __udivmodsi4
 .text.libgcc   0x00006f42       0x38 c:/users/gasser/desktop/iti/lec/imt_sdk_win_64/imt_sdk_win_64/winavr/bin/../lib/gcc/avr/4.3.3/avr5\libgcc.a(_prologue.o)
                0x00006f42                __prologue_saves__
 .text.libgcc   0x00006f7a       0x36 c:/users/gasser/desktop/iti/lec/imt_sdk_win_64/imt_sdk_win_64/winavr/bin/../lib/gcc/avr/4.3.3/avr5\libgcc.a(_epilogue.o)
                0x00006f7a                __epilogue_restores__
 .text.avr-libc
                0x00006fb0       0x48 c:/users/gasser/desktop/iti/lec/imt_sdk_win_64/imt_sdk_win_64/winavr/bin/../lib/gcc/avr/4.3.3/../../../../avr/lib/avr5\libc.a(sprintf.o)
                0x00006fb0                sprintf
 .text.avr-libc
                0x00006ff8      0x3ba c:/users/gasser/desktop/iti/lec/imt_sdk_win_64/imt_sdk_win_64/winavr/bin/../lib/gcc/avr/4.3.3/../../../../avr/lib/avr5\libc.a(vfprintf_std.o)
                0x00006ff8                vfprintf
 .text.avr-libc
                0x000073b2       0x16 c:/users/gasser/desktop/iti/lec/imt_sdk_win_64/imt_sdk_win_64/winavr/bin/../lib/gcc/avr/4.3.3/../../../../avr/lib/avr5\libc.a(strnlen_P.o)
                0x000073b2                strnlen_P
 .text.avr-libc
                0x000073c8       0x16 c:/users/gasser/desktop/iti/lec/imt_sdk_win_64/imt_sdk_win_64/winavr/bin/../lib/gcc/avr/4.3.3/../../../../avr/lib/avr5\libc.a(strnlen.o)
                0x000073c8                strnlen
 .text.avr-libc
                0x000073de       0x58 c:/users/gasser/desktop/iti/lec/imt_sdk_win_64/imt_sdk_win_64/winavr/bin/../lib/gcc/avr/4.3.3/../../../../avr/lib/avr5\libc.a(fputc.o)
                0x000073de                fputc
 .text.avr-libc
                0x00007436       0xbc c:/users/gasser/desktop/iti/lec/imt_sdk_win_64/imt_sdk_win_64/winavr/bin/../lib/gcc/avr/4.3.3/../../../../avr/lib/avr5\libc.a(ultoa_invert.o)
                0x00007436                __ultoa_invert
                0x000074f2                . = ALIGN (0x2)
 *(.fini9)
 .fini9         0x000074f2        0x0 c:/users/gasser/desktop/iti/lec/imt_sdk_win_64/imt_sdk_win_64/winavr/bin/../lib/gcc/avr/4.3.3/avr5\libgcc.a(_exit.o)
                0x000074f2                exit
                0x000074f2                _exit
 *(.fini9)
 *(.fini8)
 *(.fini8)
 *(.fini7)
 *(.fini7)
 *(.fini6)
 *(.fini6)
 *(.fini5)
 *(.fini5)
 *(.fini4)
 *(.fini4)
 *(.fini3)
 *(.fini3)
 *(.fini2)
 *(.fini2)
 *(.fini1)
 *(.fini1)
 *(.fini0)
 .fini0         0x000074f2        0x4 c:/users/gasser/desktop/iti/lec/imt_sdk_win_64/imt_sdk_win_64/winavr/bin/../lib/gcc/avr/4.3.3/avr5\libgcc.a(_exit.o)
 *(.fini0)
                0x000074f6                _etext = .

.data           0x00800060      0x290 load address 0x000074f6
                0x00800060                PROVIDE (__data_start, .)
 *(.data)
 .data          0x00800060        0x0 c:/users/gasser/desktop/iti/lec/imt_sdk_win_64/imt_sdk_win_64/winavr/bin/../lib/gcc/avr/4.3.3/../../../../avr/lib/avr5/crtm32.o
 .data          0x00800060        0xa ./alarm.o
 .data          0x0080006a        0x0 ./buttons.o
 .data          0x0080006a        0x0 ./buzzer.o
 .data          0x0080006a        0xa ./countdown.o
 .data          0x00800074       0x1e ./lcd.o
 .data          0x00800092       0xe9 ./main.o
 .data          0x0080017b        0x0 ./rtc.o
 .data          0x0080017b        0xf ./stopwatch.o
 .data          0x0080018a       0x37 ./time_utils.o
 .data          0x008001c1        0x0 c:/users/gasser/desktop/iti/lec/imt_sdk_win_64/imt_sdk_win_64/winavr/bin/../lib/gcc/avr/4.3.3/avr5\libgcc.a(_udivmodqi4.o)
 .data          0x008001c1        0x0 c:/users/gasser/desktop/iti/lec/imt_sdk_win_64/imt_sdk_win_64/winavr/bin/../lib/gcc/avr/4.3.3/avr5\libgcc.a(_udivmodhi4.o)
 .data          0x008001c1        0x0 c:/users/gasser/desktop/iti/lec/imt_sdk_win_64/imt_sdk_win_64/winavr/bin/../lib/gcc/avr/4.3.3/avr5\libgcc.a(_divmodhi4.o)
 .data          0x008001c1        0x0 c:/users/gasser/desktop/iti/lec/imt_sdk_win_64/imt_sdk_win_64/winavr/bin/../lib/gcc/avr/4.3.3/avr5\libgcc.a(_divmodsi4.o)
 .data          0x008001c1        0x0 c:/users/gasser/desktop/iti/lec/imt_sdk_win_64/imt_sdk_win_64/winavr/bin/../lib/gcc/avr/4.3.3/avr5\libgcc.a(_exit.o)
 .data          0x008001c1        0x0 c:/users/gasser/desktop/iti/lec/imt_sdk_win_64/imt_sdk_win_64/winavr/bin/../lib/gcc/avr/4.3.3/avr5\libgcc.a(_copy_data.o)
 .data          0x008001c1        0x0 c:/users/gasser/desktop/iti/lec/imt_sdk_win_64/imt_sdk_win_64/winavr/bin/../lib/gcc/avr/4.3.3/avr5\libgcc.a(_clear_bss.o)
 .data          0x008001c1        0x0 c:/users/gasser/desktop/iti/lec/imt_sdk_win_64/imt_sdk_win_64/winavr/bin/../lib/gcc/avr/4.3.3/avr5\libgcc.a(_fixunssfsi.o)
 .data          0x008001c1        0x0 c:/users/gasser/desktop/iti/lec/imt_sdk_win_64/imt_sdk_win_64/winavr/bin/../lib/gcc/avr/4.3.3/avr5\libgcc.a(_addsub_sf.o)
 .data          0x008001c1        0x0 c:/users/gasser/desktop/iti/lec/imt_sdk_win_64/imt_sdk_win_64/winavr/bin/../lib/gcc/avr/4.3.3/avr5\libgcc.a(_mul_sf.o)
 .data          0x008001c1        0x0 c:/users/gasser/desktop/iti/lec/imt_sdk_win_64/imt_sdk_win_64/winavr/bin/../lib/gcc/avr/4.3.3/avr5\libgcc.a(_div_sf.o)
 .data          0x008001c1        0x0 c:/users/gasser/desktop/iti/lec/imt_sdk_win_64/imt_sdk_win_64/winavr/bin/../lib/gcc/avr/4.3.3/avr5\libgcc.a(_gt_sf.o)
 .data          0x008001c1        0x0 c:/users/gasser/desktop/iti/lec/imt_sdk_win_64/imt_sdk_win_64/winavr/bin/../lib/gcc/avr/4.3.3/avr5\libgcc.a(_ge_sf.o)
 .data          0x008001c1        0x0 c:/users/gasser/desktop/iti/lec/imt_sdk_win_64/imt_sdk_win_64/winavr/bin/../lib/gcc/avr/4.3.3/avr5\libgcc.a(_lt_sf.o)
 .data          0x008001c1        0x0 c:/users/gasser/desktop/iti/lec/imt_sdk_win_64/imt_sdk_win_64/winavr/bin/../lib/gcc/avr/4.3.3/avr5\libgcc.a(_si_to_sf.o)
 .data          0x008001c1        0x0 c:/users/gasser/desktop/iti/lec/imt_sdk_win_64/imt_sdk_win_64/winavr/bin/../lib/gcc/avr/4.3.3/avr5\libgcc.a(_sf_to_si.o)
 .data          0x008001c1        0x8 c:/users/gasser/desktop/iti/lec/imt_sdk_win_64/imt_sdk_win_64/winavr/bin/../lib/gcc/avr/4.3.3/avr5\libgcc.a(_thenan_sf.o)
                0x008001c1                __thenan_sf
 .data          0x008001c9        0x0 c:/users/gasser/desktop/iti/lec/imt_sdk_win_64/imt_sdk_win_64/winavr/bin/../lib/gcc/avr/4.3.3/avr5\libgcc.a(_usi_to_sf.o)
 .data          0x008001c9        0x0 c:/users/gasser/desktop/iti/lec/imt_sdk_win_64/imt_sdk_win_64/winavr/bin/../lib/gcc/avr/4.3.3/avr5\libgcc.a(_udivmodsi4.o)
 .data          0x008001c9        0x0 c:/users/gasser/desktop/iti/lec/imt_sdk_win_64/imt_sdk_win_64/winavr/bin/../lib/gcc/avr/4.3.3/avr5\libgcc.a(_prologue.o)
 .data          0x008001c9        0x0 c:/users/gasser/desktop/iti/lec/imt_sdk_win_64/imt_sdk_win_64/winavr/bin/../lib/gcc/avr/4.3.3/avr5\libgcc.a(_epilogue.o)
 .data          0x008001c9        0x0 c:/users/gasser/desktop/iti/lec/imt_sdk_win_64/imt_sdk_win_64/winavr/bin/../lib/gcc/avr/4.3.3/avr5\libgcc.a(_clzsi2.o)
 .data          0x008001c9        0x0 c:/users/gasser/desktop/iti/lec/imt_sdk_win_64/imt_sdk_win_64/winavr/bin/../lib/gcc/avr/4.3.3/avr5\libgcc.a(_pack_sf.o)
 .data          0x008001c9        0x0 c:/users/gasser/desktop/iti/lec/imt_sdk_win_64/imt_sdk_win_64/winavr/bin/../lib/gcc/avr/4.3.3/avr5\libgcc.a(_unpack_sf.o)
 .data          0x008001c9        0x0 c:/users/gasser/desktop/iti/lec/imt_sdk_win_64/imt_sdk_win_64/winavr/bin/../lib/gcc/avr/4.3.3/avr5\libgcc.a(_fpcmp_parts_sf.o)
 .data          0x008001c9      0x100 c:/users/gasser/desktop/iti/lec/imt_sdk_win_64/imt_sdk_win_64/winavr/bin/../lib/gcc/avr/4.3.3/avr5\libgcc.a(_clz.o)
                0x008001c9                __clz_tab
 .data          0x008002c9        0x0 c:/users/gasser/desktop/iti/lec/imt_sdk_win_64/imt_sdk_win_64/winavr/bin/../lib/gcc/avr/4.3.3/../../../../avr/lib/avr5\libc.a(sprintf.o)
 .data          0x008002c9        0x0 c:/users/gasser/desktop/iti/lec/imt_sdk_win_64/imt_sdk_win_64/winavr/bin/../lib/gcc/avr/4.3.3/../../../../avr/lib/avr5\libc.a(vfprintf_std.o)
 .data          0x008002c9        0x0 c:/users/gasser/desktop/iti/lec/imt_sdk_win_64/imt_sdk_win_64/winavr/bin/../lib/gcc/avr/4.3.3/../../../../avr/lib/avr5\libc.a(strnlen_P.o)
 .data          0x008002c9        0x0 c:/users/gasser/desktop/iti/lec/imt_sdk_win_64/imt_sdk_win_64/winavr/bin/../lib/gcc/avr/4.3.3/../../../../avr/lib/avr5\libc.a(strnlen.o)
 .data          0x008002c9        0x0 c:/users/gasser/desktop/iti/lec/imt_sdk_win_64/imt_sdk_win_64/winavr/bin/../lib/gcc/avr/4.3.3/../../../../avr/lib/avr5\libc.a(fputc.o)
 .data          0x008002c9        0x0 c:/users/gasser/desktop/iti/lec/imt_sdk_win_64/imt_sdk_win_64/winavr/bin/../lib/gcc/avr/4.3.3/../../../../avr/lib/avr5\libc.a(ultoa_invert.o)
 *(.data*)
 .data.alarm_time
                0x008002c9        0x3 ./alarm.o
 .data.mode_changed
                0x008002cc        0x1 ./main.o
 .data.setup_time
                0x008002cd        0x3 ./main.o
 .data.setup_date
                0x008002d0        0x4 ./main.o
 .data.time_set_time
                0x008002d4        0x3 ./main.o
 .data.time_set_date
                0x008002d7        0x4 ./main.o
 .data.alarm_time.1726
                0x008002db        0x3 ./main.o
 .data.countdown_time.1821
                0x008002de        0x2 ./main.o
 *(.rodata)
 *(.rodata*)
 .rodata.C.5.1622
                0x008002e0        0x3 ./main.o
 .rodata.days.1728
                0x008002e3        0xc ./time_utils.o
 *(.gnu.linkonce.d*)
                0x008002f0                . = ALIGN (0x2)
 *fill*         0x008002ef        0x1 00
                0x008002f0                _edata = .
                0x008002f0                PROVIDE (__data_end, .)

.bss            0x008002f0       0x1d
                0x008002f0                PROVIDE (__bss_start, .)
 *(.bss)
 .bss           0x008002f0        0x0 c:/users/gasser/desktop/iti/lec/imt_sdk_win_64/imt_sdk_win_64/winavr/bin/../lib/gcc/avr/4.3.3/../../../../avr/lib/avr5/crtm32.o
 .bss           0x008002f0        0x0 ./alarm.o
 .bss           0x008002f0        0x0 ./buttons.o
 .bss           0x008002f0        0x0 ./buzzer.o
 .bss           0x008002f0        0x0 ./countdown.o
 .bss           0x008002f0        0x0 ./lcd.o
 .bss           0x008002f0        0x0 ./main.o
 .bss           0x008002f0        0x0 ./rtc.o
 .bss           0x008002f0        0x0 ./stopwatch.o
 .bss           0x008002f0        0x0 ./time_utils.o
 .bss           0x008002f0        0x0 c:/users/gasser/desktop/iti/lec/imt_sdk_win_64/imt_sdk_win_64/winavr/bin/../lib/gcc/avr/4.3.3/avr5\libgcc.a(_udivmodqi4.o)
 .bss           0x008002f0        0x0 c:/users/gasser/desktop/iti/lec/imt_sdk_win_64/imt_sdk_win_64/winavr/bin/../lib/gcc/avr/4.3.3/avr5\libgcc.a(_udivmodhi4.o)
 .bss           0x008002f0        0x0 c:/users/gasser/desktop/iti/lec/imt_sdk_win_64/imt_sdk_win_64/winavr/bin/../lib/gcc/avr/4.3.3/avr5\libgcc.a(_divmodhi4.o)
 .bss           0x008002f0        0x0 c:/users/gasser/desktop/iti/lec/imt_sdk_win_64/imt_sdk_win_64/winavr/bin/../lib/gcc/avr/4.3.3/avr5\libgcc.a(_divmodsi4.o)
 .bss           0x008002f0        0x0 c:/users/gasser/desktop/iti/lec/imt_sdk_win_64/imt_sdk_win_64/winavr/bin/../lib/gcc/avr/4.3.3/avr5\libgcc.a(_exit.o)
 .bss           0x008002f0        0x0 c:/users/gasser/desktop/iti/lec/imt_sdk_win_64/imt_sdk_win_64/winavr/bin/../lib/gcc/avr/4.3.3/avr5\libgcc.a(_copy_data.o)
 .bss           0x008002f0        0x0 c:/users/gasser/desktop/iti/lec/imt_sdk_win_64/imt_sdk_win_64/winavr/bin/../lib/gcc/avr/4.3.3/avr5\libgcc.a(_clear_bss.o)
 .bss           0x008002f0        0x0 c:/users/gasser/desktop/iti/lec/imt_sdk_win_64/imt_sdk_win_64/winavr/bin/../lib/gcc/avr/4.3.3/avr5\libgcc.a(_fixunssfsi.o)
 .bss           0x008002f0        0x0 c:/users/gasser/desktop/iti/lec/imt_sdk_win_64/imt_sdk_win_64/winavr/bin/../lib/gcc/avr/4.3.3/avr5\libgcc.a(_addsub_sf.o)
 .bss           0x008002f0        0x0 c:/users/gasser/desktop/iti/lec/imt_sdk_win_64/imt_sdk_win_64/winavr/bin/../lib/gcc/avr/4.3.3/avr5\libgcc.a(_mul_sf.o)
 .bss           0x008002f0        0x0 c:/users/gasser/desktop/iti/lec/imt_sdk_win_64/imt_sdk_win_64/winavr/bin/../lib/gcc/avr/4.3.3/avr5\libgcc.a(_div_sf.o)
 .bss           0x008002f0        0x0 c:/users/gasser/desktop/iti/lec/imt_sdk_win_64/imt_sdk_win_64/winavr/bin/../lib/gcc/avr/4.3.3/avr5\libgcc.a(_gt_sf.o)
 .bss           0x008002f0        0x0 c:/users/gasser/desktop/iti/lec/imt_sdk_win_64/imt_sdk_win_64/winavr/bin/../lib/gcc/avr/4.3.3/avr5\libgcc.a(_ge_sf.o)
 .bss           0x008002f0        0x0 c:/users/gasser/desktop/iti/lec/imt_sdk_win_64/imt_sdk_win_64/winavr/bin/../lib/gcc/avr/4.3.3/avr5\libgcc.a(_lt_sf.o)
 .bss           0x008002f0        0x0 c:/users/gasser/desktop/iti/lec/imt_sdk_win_64/imt_sdk_win_64/winavr/bin/../lib/gcc/avr/4.3.3/avr5\libgcc.a(_si_to_sf.o)
 .bss           0x008002f0        0x0 c:/users/gasser/desktop/iti/lec/imt_sdk_win_64/imt_sdk_win_64/winavr/bin/../lib/gcc/avr/4.3.3/avr5\libgcc.a(_sf_to_si.o)
 .bss           0x008002f0        0x0 c:/users/gasser/desktop/iti/lec/imt_sdk_win_64/imt_sdk_win_64/winavr/bin/../lib/gcc/avr/4.3.3/avr5\libgcc.a(_thenan_sf.o)
 .bss           0x008002f0        0x0 c:/users/gasser/desktop/iti/lec/imt_sdk_win_64/imt_sdk_win_64/winavr/bin/../lib/gcc/avr/4.3.3/avr5\libgcc.a(_usi_to_sf.o)
 .bss           0x008002f0        0x0 c:/users/gasser/desktop/iti/lec/imt_sdk_win_64/imt_sdk_win_64/winavr/bin/../lib/gcc/avr/4.3.3/avr5\libgcc.a(_udivmodsi4.o)
 .bss           0x008002f0        0x0 c:/users/gasser/desktop/iti/lec/imt_sdk_win_64/imt_sdk_win_64/winavr/bin/../lib/gcc/avr/4.3.3/avr5\libgcc.a(_prologue.o)
 .bss           0x008002f0        0x0 c:/users/gasser/desktop/iti/lec/imt_sdk_win_64/imt_sdk_win_64/winavr/bin/../lib/gcc/avr/4.3.3/avr5\libgcc.a(_epilogue.o)
 .bss           0x008002f0        0x0 c:/users/gasser/desktop/iti/lec/imt_sdk_win_64/imt_sdk_win_64/winavr/bin/../lib/gcc/avr/4.3.3/avr5\libgcc.a(_clzsi2.o)
 .bss           0x008002f0        0x0 c:/users/gasser/desktop/iti/lec/imt_sdk_win_64/imt_sdk_win_64/winavr/bin/../lib/gcc/avr/4.3.3/avr5\libgcc.a(_pack_sf.o)
 .bss           0x008002f0        0x0 c:/users/gasser/desktop/iti/lec/imt_sdk_win_64/imt_sdk_win_64/winavr/bin/../lib/gcc/avr/4.3.3/avr5\libgcc.a(_unpack_sf.o)
 .bss           0x008002f0        0x0 c:/users/gasser/desktop/iti/lec/imt_sdk_win_64/imt_sdk_win_64/winavr/bin/../lib/gcc/avr/4.3.3/avr5\libgcc.a(_fpcmp_parts_sf.o)
 .bss           0x008002f0        0x0 c:/users/gasser/desktop/iti/lec/imt_sdk_win_64/imt_sdk_win_64/winavr/bin/../lib/gcc/avr/4.3.3/avr5\libgcc.a(_clz.o)
 .bss           0x008002f0        0x0 c:/users/gasser/desktop/iti/lec/imt_sdk_win_64/imt_sdk_win_64/winavr/bin/../lib/gcc/avr/4.3.3/../../../../avr/lib/avr5\libc.a(sprintf.o)
 .bss           0x008002f0        0x0 c:/users/gasser/desktop/iti/lec/imt_sdk_win_64/imt_sdk_win_64/winavr/bin/../lib/gcc/avr/4.3.3/../../../../avr/lib/avr5\libc.a(vfprintf_std.o)
 .bss           0x008002f0        0x0 c:/users/gasser/desktop/iti/lec/imt_sdk_win_64/imt_sdk_win_64/winavr/bin/../lib/gcc/avr/4.3.3/../../../../avr/lib/avr5\libc.a(strnlen_P.o)
 .bss           0x008002f0        0x0 c:/users/gasser/desktop/iti/lec/imt_sdk_win_64/imt_sdk_win_64/winavr/bin/../lib/gcc/avr/4.3.3/../../../../avr/lib/avr5\libc.a(strnlen.o)
 .bss           0x008002f0        0x0 c:/users/gasser/desktop/iti/lec/imt_sdk_win_64/imt_sdk_win_64/winavr/bin/../lib/gcc/avr/4.3.3/../../../../avr/lib/avr5\libc.a(fputc.o)
 .bss           0x008002f0        0x0 c:/users/gasser/desktop/iti/lec/imt_sdk_win_64/imt_sdk_win_64/winavr/bin/../lib/gcc/avr/4.3.3/../../../../avr/lib/avr5\libc.a(ultoa_invert.o)
 *(.bss*)
 .bss.alarm_triggered
                0x008002f0        0x1 ./alarm.o
 .bss.button_states
                0x008002f1        0x4 ./buttons.o
 .bss.last_button_states
                0x008002f5        0x4 ./buttons.o
 .bss.button_press_flags
                0x008002f9        0x4 ./buttons.o
 .bss.countdown_time
                0x008002fd        0x2 ./countdown.o
 .bss.countdown_current
                0x008002ff        0x2 ./countdown.o
 .bss.countdown_state
                0x00800301        0x1 ./countdown.o
 .bss.current_mode
                0x00800302        0x1 ./main.o
 .bss.seconds_tick
                0x00800303        0x1 ./main.o
 .bss.time_set_initialized
                0x00800304        0x1 ./main.o
 .bss.set_field.1629
                0x00800305        0x1 ./main.o
 .bss.alarm_field.1725
                0x00800306        0x1 ./main.o
 .bss.countdown_field.1820
                0x00800307        0x1 ./main.o
 .bss.setup_field.1879
                0x00800308        0x1 ./main.o
 .bss.stopwatch_time
                0x00800309        0x3 ./stopwatch.o
 .bss.stopwatch_state
                0x0080030c        0x1 ./stopwatch.o
 *(COMMON)
                0x0080030d                PROVIDE (__bss_end, .)
                0x000074f6                __data_load_start = LOADADDR (.data)
                0x00007786                __data_load_end = (__data_load_start + SIZEOF (.data))

.noinit         0x0080030d        0x0
                0x0080030d                PROVIDE (__noinit_start, .)
 *(.noinit*)
                0x0080030d                PROVIDE (__noinit_end, .)
                0x0080030d                _end = .
                0x0080030d                PROVIDE (__heap_start, .)

.eeprom         0x00810000        0x0
 *(.eeprom*)
                0x00810000                __eeprom_end = .

.fuse
 *(.fuse)
 *(.lfuse)
 *(.hfuse)
 *(.efuse)

.lock
 *(.lock*)

.signature
 *(.signature*)

.stab           0x00000000     0x6858
 *(.stab)
 .stab          0x00000000      0x6e4 ./alarm.o
 .stab          0x000006e4      0x63c ./buttons.o
                                0x7f8 (size before relaxing)
 .stab          0x00000d20      0x5d0 ./buzzer.o
                                0x78c (size before relaxing)
 .stab          0x000012f0      0x540 ./countdown.o
                                0x750 (size before relaxing)
 .stab          0x00001830      0xf00 ./lcd.o
                               0x1110 (size before relaxing)
 .stab          0x00002730     0x20a0 ./main.o
                               0x22bc (size before relaxing)
 .stab          0x000047d0     0x114c ./rtc.o
                               0x132c (size before relaxing)
 .stab          0x0000591c      0x4a4 ./stopwatch.o
                                0x6e4 (size before relaxing)
 .stab          0x00005dc0      0xa98 ./time_utils.o
                                0xcfc (size before relaxing)

.stabstr        0x00000000     0x1fda
 *(.stabstr)
 .stabstr       0x00000000     0x1fda ./alarm.o

.stab.excl
 *(.stab.excl)

.stab.exclstr
 *(.stab.exclstr)

.stab.index
 *(.stab.index)

.stab.indexstr
 *(.stab.indexstr)

.comment
 *(.comment)

.debug
 *(.debug)

.line
 *(.line)

.debug_srcinfo
 *(.debug_srcinfo)

.debug_sfnames
 *(.debug_sfnames)

.debug_aranges  0x00000000      0x1c0
 *(.debug_aranges)
 .debug_aranges
                0x00000000       0x20 c:/users/gasser/desktop/iti/lec/imt_sdk_win_64/imt_sdk_win_64/winavr/bin/../lib/gcc/avr/4.3.3/avr5\libgcc.a(_fixunssfsi.o)
 .debug_aranges
                0x00000020       0x20 c:/users/gasser/desktop/iti/lec/imt_sdk_win_64/imt_sdk_win_64/winavr/bin/../lib/gcc/avr/4.3.3/avr5\libgcc.a(_addsub_sf.o)
 .debug_aranges
                0x00000040       0x20 c:/users/gasser/desktop/iti/lec/imt_sdk_win_64/imt_sdk_win_64/winavr/bin/../lib/gcc/avr/4.3.3/avr5\libgcc.a(_mul_sf.o)
 .debug_aranges
                0x00000060       0x20 c:/users/gasser/desktop/iti/lec/imt_sdk_win_64/imt_sdk_win_64/winavr/bin/../lib/gcc/avr/4.3.3/avr5\libgcc.a(_div_sf.o)
 .debug_aranges
                0x00000080       0x20 c:/users/gasser/desktop/iti/lec/imt_sdk_win_64/imt_sdk_win_64/winavr/bin/../lib/gcc/avr/4.3.3/avr5\libgcc.a(_gt_sf.o)
 .debug_aranges
                0x000000a0       0x20 c:/users/gasser/desktop/iti/lec/imt_sdk_win_64/imt_sdk_win_64/winavr/bin/../lib/gcc/avr/4.3.3/avr5\libgcc.a(_ge_sf.o)
 .debug_aranges
                0x000000c0       0x20 c:/users/gasser/desktop/iti/lec/imt_sdk_win_64/imt_sdk_win_64/winavr/bin/../lib/gcc/avr/4.3.3/avr5\libgcc.a(_lt_sf.o)
 .debug_aranges
                0x000000e0       0x20 c:/users/gasser/desktop/iti/lec/imt_sdk_win_64/imt_sdk_win_64/winavr/bin/../lib/gcc/avr/4.3.3/avr5\libgcc.a(_si_to_sf.o)
 .debug_aranges
                0x00000100       0x20 c:/users/gasser/desktop/iti/lec/imt_sdk_win_64/imt_sdk_win_64/winavr/bin/../lib/gcc/avr/4.3.3/avr5\libgcc.a(_sf_to_si.o)
 .debug_aranges
                0x00000120       0x20 c:/users/gasser/desktop/iti/lec/imt_sdk_win_64/imt_sdk_win_64/winavr/bin/../lib/gcc/avr/4.3.3/avr5\libgcc.a(_usi_to_sf.o)
 .debug_aranges
                0x00000140       0x20 c:/users/gasser/desktop/iti/lec/imt_sdk_win_64/imt_sdk_win_64/winavr/bin/../lib/gcc/avr/4.3.3/avr5\libgcc.a(_clzsi2.o)
 .debug_aranges
                0x00000160       0x20 c:/users/gasser/desktop/iti/lec/imt_sdk_win_64/imt_sdk_win_64/winavr/bin/../lib/gcc/avr/4.3.3/avr5\libgcc.a(_pack_sf.o)
 .debug_aranges
                0x00000180       0x20 c:/users/gasser/desktop/iti/lec/imt_sdk_win_64/imt_sdk_win_64/winavr/bin/../lib/gcc/avr/4.3.3/avr5\libgcc.a(_unpack_sf.o)
 .debug_aranges
                0x000001a0       0x20 c:/users/gasser/desktop/iti/lec/imt_sdk_win_64/imt_sdk_win_64/winavr/bin/../lib/gcc/avr/4.3.3/avr5\libgcc.a(_fpcmp_parts_sf.o)

.debug_pubnames
                0x00000000      0x214
 *(.debug_pubnames)
 .debug_pubnames
                0x00000000       0x23 c:/users/gasser/desktop/iti/lec/imt_sdk_win_64/imt_sdk_win_64/winavr/bin/../lib/gcc/avr/4.3.3/avr5\libgcc.a(_fixunssfsi.o)
 .debug_pubnames
                0x00000023       0x2c c:/users/gasser/desktop/iti/lec/imt_sdk_win_64/imt_sdk_win_64/winavr/bin/../lib/gcc/avr/4.3.3/avr5\libgcc.a(_addsub_sf.o)
 .debug_pubnames
                0x0000004f       0x1f c:/users/gasser/desktop/iti/lec/imt_sdk_win_64/imt_sdk_win_64/winavr/bin/../lib/gcc/avr/4.3.3/avr5\libgcc.a(_mul_sf.o)
 .debug_pubnames
                0x0000006e       0x1f c:/users/gasser/desktop/iti/lec/imt_sdk_win_64/imt_sdk_win_64/winavr/bin/../lib/gcc/avr/4.3.3/avr5\libgcc.a(_div_sf.o)
 .debug_pubnames
                0x0000008d       0x1e c:/users/gasser/desktop/iti/lec/imt_sdk_win_64/imt_sdk_win_64/winavr/bin/../lib/gcc/avr/4.3.3/avr5\libgcc.a(_gt_sf.o)
 .debug_pubnames
                0x000000ab       0x1e c:/users/gasser/desktop/iti/lec/imt_sdk_win_64/imt_sdk_win_64/winavr/bin/../lib/gcc/avr/4.3.3/avr5\libgcc.a(_ge_sf.o)
 .debug_pubnames
                0x000000c9       0x1e c:/users/gasser/desktop/iti/lec/imt_sdk_win_64/imt_sdk_win_64/winavr/bin/../lib/gcc/avr/4.3.3/avr5\libgcc.a(_lt_sf.o)
 .debug_pubnames
                0x000000e7       0x22 c:/users/gasser/desktop/iti/lec/imt_sdk_win_64/imt_sdk_win_64/winavr/bin/../lib/gcc/avr/4.3.3/avr5\libgcc.a(_si_to_sf.o)
 .debug_pubnames
                0x00000109       0x20 c:/users/gasser/desktop/iti/lec/imt_sdk_win_64/imt_sdk_win_64/winavr/bin/../lib/gcc/avr/4.3.3/avr5\libgcc.a(_sf_to_si.o)
 .debug_pubnames
                0x00000129       0x22 c:/users/gasser/desktop/iti/lec/imt_sdk_win_64/imt_sdk_win_64/winavr/bin/../lib/gcc/avr/4.3.3/avr5\libgcc.a(_thenan_sf.o)
 .debug_pubnames
                0x0000014b       0x24 c:/users/gasser/desktop/iti/lec/imt_sdk_win_64/imt_sdk_win_64/winavr/bin/../lib/gcc/avr/4.3.3/avr5\libgcc.a(_usi_to_sf.o)
 .debug_pubnames
                0x0000016f       0x1f c:/users/gasser/desktop/iti/lec/imt_sdk_win_64/imt_sdk_win_64/winavr/bin/../lib/gcc/avr/4.3.3/avr5\libgcc.a(_clzsi2.o)
 .debug_pubnames
                0x0000018e       0x1f c:/users/gasser/desktop/iti/lec/imt_sdk_win_64/imt_sdk_win_64/winavr/bin/../lib/gcc/avr/4.3.3/avr5\libgcc.a(_pack_sf.o)
 .debug_pubnames
                0x000001ad       0x21 c:/users/gasser/desktop/iti/lec/imt_sdk_win_64/imt_sdk_win_64/winavr/bin/../lib/gcc/avr/4.3.3/avr5\libgcc.a(_unpack_sf.o)
 .debug_pubnames
                0x000001ce       0x26 c:/users/gasser/desktop/iti/lec/imt_sdk_win_64/imt_sdk_win_64/winavr/bin/../lib/gcc/avr/4.3.3/avr5\libgcc.a(_fpcmp_parts_sf.o)
 .debug_pubnames
                0x000001f4       0x20 c:/users/gasser/desktop/iti/lec/imt_sdk_win_64/imt_sdk_win_64/winavr/bin/../lib/gcc/avr/4.3.3/avr5\libgcc.a(_clz.o)

.debug_info     0x00000000     0x2612
 *(.debug_info)
 .debug_info    0x00000000       0xb1 c:/users/gasser/desktop/iti/lec/imt_sdk_win_64/imt_sdk_win_64/winavr/bin/../lib/gcc/avr/4.3.3/avr5\libgcc.a(_fixunssfsi.o)
 .debug_info    0x000000b1      0x47a c:/users/gasser/desktop/iti/lec/imt_sdk_win_64/imt_sdk_win_64/winavr/bin/../lib/gcc/avr/4.3.3/avr5\libgcc.a(_addsub_sf.o)
 .debug_info    0x0000052b      0x485 c:/users/gasser/desktop/iti/lec/imt_sdk_win_64/imt_sdk_win_64/winavr/bin/../lib/gcc/avr/4.3.3/avr5\libgcc.a(_mul_sf.o)
 .debug_info    0x000009b0      0x3fc c:/users/gasser/desktop/iti/lec/imt_sdk_win_64/imt_sdk_win_64/winavr/bin/../lib/gcc/avr/4.3.3/avr5\libgcc.a(_div_sf.o)
 .debug_info    0x00000dac      0x27f c:/users/gasser/desktop/iti/lec/imt_sdk_win_64/imt_sdk_win_64/winavr/bin/../lib/gcc/avr/4.3.3/avr5\libgcc.a(_gt_sf.o)
 .debug_info    0x0000102b      0x27f c:/users/gasser/desktop/iti/lec/imt_sdk_win_64/imt_sdk_win_64/winavr/bin/../lib/gcc/avr/4.3.3/avr5\libgcc.a(_ge_sf.o)
 .debug_info    0x000012aa      0x27f c:/users/gasser/desktop/iti/lec/imt_sdk_win_64/imt_sdk_win_64/winavr/bin/../lib/gcc/avr/4.3.3/avr5\libgcc.a(_lt_sf.o)
 .debug_info    0x00001529      0x207 c:/users/gasser/desktop/iti/lec/imt_sdk_win_64/imt_sdk_win_64/winavr/bin/../lib/gcc/avr/4.3.3/avr5\libgcc.a(_si_to_sf.o)
 .debug_info    0x00001730      0x2b0 c:/users/gasser/desktop/iti/lec/imt_sdk_win_64/imt_sdk_win_64/winavr/bin/../lib/gcc/avr/4.3.3/avr5\libgcc.a(_sf_to_si.o)
 .debug_info    0x000019e0      0x12c c:/users/gasser/desktop/iti/lec/imt_sdk_win_64/imt_sdk_win_64/winavr/bin/../lib/gcc/avr/4.3.3/avr5\libgcc.a(_thenan_sf.o)
 .debug_info    0x00001b0c      0x206 c:/users/gasser/desktop/iti/lec/imt_sdk_win_64/imt_sdk_win_64/winavr/bin/../lib/gcc/avr/4.3.3/avr5\libgcc.a(_usi_to_sf.o)
 .debug_info    0x00001d12      0x117 c:/users/gasser/desktop/iti/lec/imt_sdk_win_64/imt_sdk_win_64/winavr/bin/../lib/gcc/avr/4.3.3/avr5\libgcc.a(_clzsi2.o)
 .debug_info    0x00001e29      0x2df c:/users/gasser/desktop/iti/lec/imt_sdk_win_64/imt_sdk_win_64/winavr/bin/../lib/gcc/avr/4.3.3/avr5\libgcc.a(_pack_sf.o)
 .debug_info    0x00002108      0x251 c:/users/gasser/desktop/iti/lec/imt_sdk_win_64/imt_sdk_win_64/winavr/bin/../lib/gcc/avr/4.3.3/avr5\libgcc.a(_unpack_sf.o)
 .debug_info    0x00002359      0x210 c:/users/gasser/desktop/iti/lec/imt_sdk_win_64/imt_sdk_win_64/winavr/bin/../lib/gcc/avr/4.3.3/avr5\libgcc.a(_fpcmp_parts_sf.o)
 .debug_info    0x00002569       0xa9 c:/users/gasser/desktop/iti/lec/imt_sdk_win_64/imt_sdk_win_64/winavr/bin/../lib/gcc/avr/4.3.3/avr5\libgcc.a(_clz.o)
 *(.gnu.linkonce.wi.*)

.debug_abbrev   0x00000000     0x14ce
 *(.debug_abbrev)
 .debug_abbrev  0x00000000       0x5d c:/users/gasser/desktop/iti/lec/imt_sdk_win_64/imt_sdk_win_64/winavr/bin/../lib/gcc/avr/4.3.3/avr5\libgcc.a(_fixunssfsi.o)
 .debug_abbrev  0x0000005d      0x1ea c:/users/gasser/desktop/iti/lec/imt_sdk_win_64/imt_sdk_win_64/winavr/bin/../lib/gcc/avr/4.3.3/avr5\libgcc.a(_addsub_sf.o)
 .debug_abbrev  0x00000247      0x21b c:/users/gasser/desktop/iti/lec/imt_sdk_win_64/imt_sdk_win_64/winavr/bin/../lib/gcc/avr/4.3.3/avr5\libgcc.a(_mul_sf.o)
 .debug_abbrev  0x00000462      0x216 c:/users/gasser/desktop/iti/lec/imt_sdk_win_64/imt_sdk_win_64/winavr/bin/../lib/gcc/avr/4.3.3/avr5\libgcc.a(_div_sf.o)
 .debug_abbrev  0x00000678      0x15a c:/users/gasser/desktop/iti/lec/imt_sdk_win_64/imt_sdk_win_64/winavr/bin/../lib/gcc/avr/4.3.3/avr5\libgcc.a(_gt_sf.o)
 .debug_abbrev  0x000007d2      0x15a c:/users/gasser/desktop/iti/lec/imt_sdk_win_64/imt_sdk_win_64/winavr/bin/../lib/gcc/avr/4.3.3/avr5\libgcc.a(_ge_sf.o)
 .debug_abbrev  0x0000092c      0x15a c:/users/gasser/desktop/iti/lec/imt_sdk_win_64/imt_sdk_win_64/winavr/bin/../lib/gcc/avr/4.3.3/avr5\libgcc.a(_lt_sf.o)
 .debug_abbrev  0x00000a86      0x148 c:/users/gasser/desktop/iti/lec/imt_sdk_win_64/imt_sdk_win_64/winavr/bin/../lib/gcc/avr/4.3.3/avr5\libgcc.a(_si_to_sf.o)
 .debug_abbrev  0x00000bce      0x17f c:/users/gasser/desktop/iti/lec/imt_sdk_win_64/imt_sdk_win_64/winavr/bin/../lib/gcc/avr/4.3.3/avr5\libgcc.a(_sf_to_si.o)
 .debug_abbrev  0x00000d4d       0xad c:/users/gasser/desktop/iti/lec/imt_sdk_win_64/imt_sdk_win_64/winavr/bin/../lib/gcc/avr/4.3.3/avr5\libgcc.a(_thenan_sf.o)
 .debug_abbrev  0x00000dfa      0x157 c:/users/gasser/desktop/iti/lec/imt_sdk_win_64/imt_sdk_win_64/winavr/bin/../lib/gcc/avr/4.3.3/avr5\libgcc.a(_usi_to_sf.o)
 .debug_abbrev  0x00000f51       0xc4 c:/users/gasser/desktop/iti/lec/imt_sdk_win_64/imt_sdk_win_64/winavr/bin/../lib/gcc/avr/4.3.3/avr5\libgcc.a(_clzsi2.o)
 .debug_abbrev  0x00001015      0x1c0 c:/users/gasser/desktop/iti/lec/imt_sdk_win_64/imt_sdk_win_64/winavr/bin/../lib/gcc/avr/4.3.3/avr5\libgcc.a(_pack_sf.o)
 .debug_abbrev  0x000011d5      0x154 c:/users/gasser/desktop/iti/lec/imt_sdk_win_64/imt_sdk_win_64/winavr/bin/../lib/gcc/avr/4.3.3/avr5\libgcc.a(_unpack_sf.o)
 .debug_abbrev  0x00001329      0x13b c:/users/gasser/desktop/iti/lec/imt_sdk_win_64/imt_sdk_win_64/winavr/bin/../lib/gcc/avr/4.3.3/avr5\libgcc.a(_fpcmp_parts_sf.o)
 .debug_abbrev  0x00001464       0x6a c:/users/gasser/desktop/iti/lec/imt_sdk_win_64/imt_sdk_win_64/winavr/bin/../lib/gcc/avr/4.3.3/avr5\libgcc.a(_clz.o)

.debug_line     0x00000000     0x130b
 *(.debug_line)
 .debug_line    0x00000000       0xa7 c:/users/gasser/desktop/iti/lec/imt_sdk_win_64/imt_sdk_win_64/winavr/bin/../lib/gcc/avr/4.3.3/avr5\libgcc.a(_fixunssfsi.o)
 .debug_line    0x000000a7      0x2af c:/users/gasser/desktop/iti/lec/imt_sdk_win_64/imt_sdk_win_64/winavr/bin/../lib/gcc/avr/4.3.3/avr5\libgcc.a(_addsub_sf.o)
 .debug_line    0x00000356      0x239 c:/users/gasser/desktop/iti/lec/imt_sdk_win_64/imt_sdk_win_64/winavr/bin/../lib/gcc/avr/4.3.3/avr5\libgcc.a(_mul_sf.o)
 .debug_line    0x0000058f      0x1d5 c:/users/gasser/desktop/iti/lec/imt_sdk_win_64/imt_sdk_win_64/winavr/bin/../lib/gcc/avr/4.3.3/avr5\libgcc.a(_div_sf.o)
 .debug_line    0x00000764       0xd3 c:/users/gasser/desktop/iti/lec/imt_sdk_win_64/imt_sdk_win_64/winavr/bin/../lib/gcc/avr/4.3.3/avr5\libgcc.a(_gt_sf.o)
 .debug_line    0x00000837       0xd3 c:/users/gasser/desktop/iti/lec/imt_sdk_win_64/imt_sdk_win_64/winavr/bin/../lib/gcc/avr/4.3.3/avr5\libgcc.a(_ge_sf.o)
 .debug_line    0x0000090a       0xd3 c:/users/gasser/desktop/iti/lec/imt_sdk_win_64/imt_sdk_win_64/winavr/bin/../lib/gcc/avr/4.3.3/avr5\libgcc.a(_lt_sf.o)
 .debug_line    0x000009dd      0x135 c:/users/gasser/desktop/iti/lec/imt_sdk_win_64/imt_sdk_win_64/winavr/bin/../lib/gcc/avr/4.3.3/avr5\libgcc.a(_si_to_sf.o)
 .debug_line    0x00000b12      0x109 c:/users/gasser/desktop/iti/lec/imt_sdk_win_64/imt_sdk_win_64/winavr/bin/../lib/gcc/avr/4.3.3/avr5\libgcc.a(_sf_to_si.o)
 .debug_line    0x00000c1b       0x90 c:/users/gasser/desktop/iti/lec/imt_sdk_win_64/imt_sdk_win_64/winavr/bin/../lib/gcc/avr/4.3.3/avr5\libgcc.a(_thenan_sf.o)
 .debug_line    0x00000cab      0x133 c:/users/gasser/desktop/iti/lec/imt_sdk_win_64/imt_sdk_win_64/winavr/bin/../lib/gcc/avr/4.3.3/avr5\libgcc.a(_usi_to_sf.o)
 .debug_line    0x00000dde       0xa5 c:/users/gasser/desktop/iti/lec/imt_sdk_win_64/imt_sdk_win_64/winavr/bin/../lib/gcc/avr/4.3.3/avr5\libgcc.a(_clzsi2.o)
 .debug_line    0x00000e83      0x18a c:/users/gasser/desktop/iti/lec/imt_sdk_win_64/imt_sdk_win_64/winavr/bin/../lib/gcc/avr/4.3.3/avr5\libgcc.a(_pack_sf.o)
 .debug_line    0x0000100d      0x14b c:/users/gasser/desktop/iti/lec/imt_sdk_win_64/imt_sdk_win_64/winavr/bin/../lib/gcc/avr/4.3.3/avr5\libgcc.a(_unpack_sf.o)
 .debug_line    0x00001158      0x137 c:/users/gasser/desktop/iti/lec/imt_sdk_win_64/imt_sdk_win_64/winavr/bin/../lib/gcc/avr/4.3.3/avr5\libgcc.a(_fpcmp_parts_sf.o)
 .debug_line    0x0000128f       0x7c c:/users/gasser/desktop/iti/lec/imt_sdk_win_64/imt_sdk_win_64/winavr/bin/../lib/gcc/avr/4.3.3/avr5\libgcc.a(_clz.o)

.debug_frame    0x00000000      0x1e0
 *(.debug_frame)
 .debug_frame   0x00000000       0x20 c:/users/gasser/desktop/iti/lec/imt_sdk_win_64/imt_sdk_win_64/winavr/bin/../lib/gcc/avr/4.3.3/avr5\libgcc.a(_fixunssfsi.o)
 .debug_frame   0x00000020       0x40 c:/users/gasser/desktop/iti/lec/imt_sdk_win_64/imt_sdk_win_64/winavr/bin/../lib/gcc/avr/4.3.3/avr5\libgcc.a(_addsub_sf.o)
 .debug_frame   0x00000060       0x20 c:/users/gasser/desktop/iti/lec/imt_sdk_win_64/imt_sdk_win_64/winavr/bin/../lib/gcc/avr/4.3.3/avr5\libgcc.a(_mul_sf.o)
 .debug_frame   0x00000080       0x20 c:/users/gasser/desktop/iti/lec/imt_sdk_win_64/imt_sdk_win_64/winavr/bin/../lib/gcc/avr/4.3.3/avr5\libgcc.a(_div_sf.o)
 .debug_frame   0x000000a0       0x20 c:/users/gasser/desktop/iti/lec/imt_sdk_win_64/imt_sdk_win_64/winavr/bin/../lib/gcc/avr/4.3.3/avr5\libgcc.a(_gt_sf.o)
 .debug_frame   0x000000c0       0x20 c:/users/gasser/desktop/iti/lec/imt_sdk_win_64/imt_sdk_win_64/winavr/bin/../lib/gcc/avr/4.3.3/avr5\libgcc.a(_ge_sf.o)
 .debug_frame   0x000000e0       0x20 c:/users/gasser/desktop/iti/lec/imt_sdk_win_64/imt_sdk_win_64/winavr/bin/../lib/gcc/avr/4.3.3/avr5\libgcc.a(_lt_sf.o)
 .debug_frame   0x00000100       0x20 c:/users/gasser/desktop/iti/lec/imt_sdk_win_64/imt_sdk_win_64/winavr/bin/../lib/gcc/avr/4.3.3/avr5\libgcc.a(_si_to_sf.o)
 .debug_frame   0x00000120       0x20 c:/users/gasser/desktop/iti/lec/imt_sdk_win_64/imt_sdk_win_64/winavr/bin/../lib/gcc/avr/4.3.3/avr5\libgcc.a(_sf_to_si.o)
 .debug_frame   0x00000140       0x20 c:/users/gasser/desktop/iti/lec/imt_sdk_win_64/imt_sdk_win_64/winavr/bin/../lib/gcc/avr/4.3.3/avr5\libgcc.a(_usi_to_sf.o)
 .debug_frame   0x00000160       0x20 c:/users/gasser/desktop/iti/lec/imt_sdk_win_64/imt_sdk_win_64/winavr/bin/../lib/gcc/avr/4.3.3/avr5\libgcc.a(_clzsi2.o)
 .debug_frame   0x00000180       0x20 c:/users/gasser/desktop/iti/lec/imt_sdk_win_64/imt_sdk_win_64/winavr/bin/../lib/gcc/avr/4.3.3/avr5\libgcc.a(_pack_sf.o)
 .debug_frame   0x000001a0       0x20 c:/users/gasser/desktop/iti/lec/imt_sdk_win_64/imt_sdk_win_64/winavr/bin/../lib/gcc/avr/4.3.3/avr5\libgcc.a(_unpack_sf.o)
 .debug_frame   0x000001c0       0x20 c:/users/gasser/desktop/iti/lec/imt_sdk_win_64/imt_sdk_win_64/winavr/bin/../lib/gcc/avr/4.3.3/avr5\libgcc.a(_fpcmp_parts_sf.o)

.debug_str      0x00000000      0x307
 *(.debug_str)
 .debug_str     0x00000000       0xbf c:/users/gasser/desktop/iti/lec/imt_sdk_win_64/imt_sdk_win_64/winavr/bin/../lib/gcc/avr/4.3.3/avr5\libgcc.a(_fixunssfsi.o)
                                 0xfe (size before relaxing)
 .debug_str     0x000000bf      0x14d c:/users/gasser/desktop/iti/lec/imt_sdk_win_64/imt_sdk_win_64/winavr/bin/../lib/gcc/avr/4.3.3/avr5\libgcc.a(_addsub_sf.o)
                                0x206 (size before relaxing)
 .debug_str     0x0000020c       0x27 c:/users/gasser/desktop/iti/lec/imt_sdk_win_64/imt_sdk_win_64/winavr/bin/../lib/gcc/avr/4.3.3/avr5\libgcc.a(_mul_sf.o)
                                0x1bf (size before relaxing)
 .debug_str     0x00000233       0x35 c:/users/gasser/desktop/iti/lec/imt_sdk_win_64/imt_sdk_win_64/winavr/bin/../lib/gcc/avr/4.3.3/avr5\libgcc.a(_div_sf.o)
                                0x1c8 (size before relaxing)
 .debug_str     0x00000268        0x8 c:/users/gasser/desktop/iti/lec/imt_sdk_win_64/imt_sdk_win_64/winavr/bin/../lib/gcc/avr/4.3.3/avr5\libgcc.a(_gt_sf.o)
                                0x195 (size before relaxing)
 .debug_str     0x00000270        0x8 c:/users/gasser/desktop/iti/lec/imt_sdk_win_64/imt_sdk_win_64/winavr/bin/../lib/gcc/avr/4.3.3/avr5\libgcc.a(_ge_sf.o)
                                0x195 (size before relaxing)
 .debug_str     0x00000278        0x8 c:/users/gasser/desktop/iti/lec/imt_sdk_win_64/imt_sdk_win_64/winavr/bin/../lib/gcc/avr/4.3.3/avr5\libgcc.a(_lt_sf.o)
                                0x195 (size before relaxing)
 .debug_str     0x00000280       0x1e c:/users/gasser/desktop/iti/lec/imt_sdk_win_64/imt_sdk_win_64/winavr/bin/../lib/gcc/avr/4.3.3/avr5\libgcc.a(_si_to_sf.o)
                                0x17b (size before relaxing)
 .debug_str     0x0000029e        0xa c:/users/gasser/desktop/iti/lec/imt_sdk_win_64/imt_sdk_win_64/winavr/bin/../lib/gcc/avr/4.3.3/avr5\libgcc.a(_sf_to_si.o)
                                0x19e (size before relaxing)
 .debug_str     0x00000000      0x103 c:/users/gasser/desktop/iti/lec/imt_sdk_win_64/imt_sdk_win_64/winavr/bin/../lib/gcc/avr/4.3.3/avr5\libgcc.a(_thenan_sf.o)
 .debug_str     0x000002a8       0x14 c:/users/gasser/desktop/iti/lec/imt_sdk_win_64/imt_sdk_win_64/winavr/bin/../lib/gcc/avr/4.3.3/avr5\libgcc.a(_usi_to_sf.o)
                                0x177 (size before relaxing)
 .debug_str     0x000002bc       0x20 c:/users/gasser/desktop/iti/lec/imt_sdk_win_64/imt_sdk_win_64/winavr/bin/../lib/gcc/avr/4.3.3/avr5\libgcc.a(_clzsi2.o)
                                0x111 (size before relaxing)
 .debug_str     0x000002dc       0x10 c:/users/gasser/desktop/iti/lec/imt_sdk_win_64/imt_sdk_win_64/winavr/bin/../lib/gcc/avr/4.3.3/avr5\libgcc.a(_pack_sf.o)
                                0x19d (size before relaxing)
 .debug_str     0x000002ec        0xb c:/users/gasser/desktop/iti/lec/imt_sdk_win_64/imt_sdk_win_64/winavr/bin/../lib/gcc/avr/4.3.3/avr5\libgcc.a(_unpack_sf.o)
                                0x17f (size before relaxing)
 .debug_str     0x000002f7       0x10 c:/users/gasser/desktop/iti/lec/imt_sdk_win_64/imt_sdk_win_64/winavr/bin/../lib/gcc/avr/4.3.3/avr5\libgcc.a(_fpcmp_parts_sf.o)
                                0x163 (size before relaxing)
 .debug_str     0x00000000       0xf4 c:/users/gasser/desktop/iti/lec/imt_sdk_win_64/imt_sdk_win_64/winavr/bin/../lib/gcc/avr/4.3.3/avr5\libgcc.a(_clz.o)

.debug_loc      0x00000000      0xa1a
 *(.debug_loc)
 .debug_loc     0x00000000       0x34 c:/users/gasser/desktop/iti/lec/imt_sdk_win_64/imt_sdk_win_64/winavr/bin/../lib/gcc/avr/4.3.3/avr5\libgcc.a(_fixunssfsi.o)
 .debug_loc     0x00000034      0x32a c:/users/gasser/desktop/iti/lec/imt_sdk_win_64/imt_sdk_win_64/winavr/bin/../lib/gcc/avr/4.3.3/avr5\libgcc.a(_addsub_sf.o)
 .debug_loc     0x0000035e      0x104 c:/users/gasser/desktop/iti/lec/imt_sdk_win_64/imt_sdk_win_64/winavr/bin/../lib/gcc/avr/4.3.3/avr5\libgcc.a(_mul_sf.o)
 .debug_loc     0x00000462       0xc0 c:/users/gasser/desktop/iti/lec/imt_sdk_win_64/imt_sdk_win_64/winavr/bin/../lib/gcc/avr/4.3.3/avr5\libgcc.a(_div_sf.o)
 .debug_loc     0x00000522       0x3c c:/users/gasser/desktop/iti/lec/imt_sdk_win_64/imt_sdk_win_64/winavr/bin/../lib/gcc/avr/4.3.3/avr5\libgcc.a(_gt_sf.o)
 .debug_loc     0x0000055e       0x3c c:/users/gasser/desktop/iti/lec/imt_sdk_win_64/imt_sdk_win_64/winavr/bin/../lib/gcc/avr/4.3.3/avr5\libgcc.a(_ge_sf.o)
 .debug_loc     0x0000059a       0x3c c:/users/gasser/desktop/iti/lec/imt_sdk_win_64/imt_sdk_win_64/winavr/bin/../lib/gcc/avr/4.3.3/avr5\libgcc.a(_lt_sf.o)
 .debug_loc     0x000005d6       0xac c:/users/gasser/desktop/iti/lec/imt_sdk_win_64/imt_sdk_win_64/winavr/bin/../lib/gcc/avr/4.3.3/avr5\libgcc.a(_si_to_sf.o)
 .debug_loc     0x00000682       0x7e c:/users/gasser/desktop/iti/lec/imt_sdk_win_64/imt_sdk_win_64/winavr/bin/../lib/gcc/avr/4.3.3/avr5\libgcc.a(_sf_to_si.o)
 .debug_loc     0x00000700       0x4c c:/users/gasser/desktop/iti/lec/imt_sdk_win_64/imt_sdk_win_64/winavr/bin/../lib/gcc/avr/4.3.3/avr5\libgcc.a(_usi_to_sf.o)
 .debug_loc     0x0000074c       0x94 c:/users/gasser/desktop/iti/lec/imt_sdk_win_64/imt_sdk_win_64/winavr/bin/../lib/gcc/avr/4.3.3/avr5\libgcc.a(_clzsi2.o)
 .debug_loc     0x000007e0      0x13e c:/users/gasser/desktop/iti/lec/imt_sdk_win_64/imt_sdk_win_64/winavr/bin/../lib/gcc/avr/4.3.3/avr5\libgcc.a(_pack_sf.o)
 .debug_loc     0x0000091e       0xac c:/users/gasser/desktop/iti/lec/imt_sdk_win_64/imt_sdk_win_64/winavr/bin/../lib/gcc/avr/4.3.3/avr5\libgcc.a(_unpack_sf.o)
 .debug_loc     0x000009ca       0x50 c:/users/gasser/desktop/iti/lec/imt_sdk_win_64/imt_sdk_win_64/winavr/bin/../lib/gcc/avr/4.3.3/avr5\libgcc.a(_fpcmp_parts_sf.o)

.debug_macinfo
 *(.debug_macinfo)
OUTPUT(finalproject1.elf elf32-avr)
LOAD linker stubs

.debug_ranges   0x00000000       0x50
 .debug_ranges  0x00000000       0x50 c:/users/gasser/desktop/iti/lec/imt_sdk_win_64/imt_sdk_win_64/winavr/bin/../lib/gcc/avr/4.3.3/avr5\libgcc.a(_mul_sf.o)
